
  .   ____          _            __ _ _
 /\\ / ___'_ __ _ _(_)_ __  __ _ \ \ \ \
( ( )\___ | '_ | '_| | '_ \/ _` | \ \ \ \
 \\/  ___)| |_)| | | | | || (_| |  ) ) ) )
  '  |____| .__|_| |_|_| |_\__, | / / / /
 =========|_|==============|___/=/_/_/_/
 :: Spring Boot ::                (v3.1.0)

2026-09-04T22:36:34.330+03:00  INFO 15708 --- [           main] c.example.footcare.FootcareApplication   : Starting FootcareApplication v0.0.1-SNAPSHOT using Java 17.0.17 with PID 15708 (C:\Users\CZAR-COMPUTERS\Desktop\files\repo\footcare\footcare\backend\target\footcare-backend-0.0.1-SNAPSHOT.jar started by CZAR-COMPUTERS in C:\Users\CZAR-COMPUTERS\Desktop\files\repo\footcare\footcare\backend)
2026-09-04T22:36:34.367+03:00  INFO 15708 --- [           main] c.example.footcare.FootcareApplication   : No active profile set, falling back to 1 default profile: "default"
2026-09-04T22:36:37.009+03:00  INFO 15708 --- [           main] .s.d.r.c.RepositoryConfigurationDelegate : Bootstrapping Spring Data JPA repositories in DEFAULT mode.
2026-09-04T22:36:37.410+03:00  INFO 15708 --- [           main] .s.d.r.c.RepositoryConfigurationDelegate : Finished Spring Data repository scanning in 153 ms. Found 4 JPA repository interfaces.
2026-09-04T22:36:40.281+03:00  INFO 15708 --- [           main] o.s.b.w.embedded.tomcat.TomcatWebServer  : Tomcat initialized with port(s): 8080 (http)
2026-09-04T22:36:40.314+03:00  INFO 15708 --- [           main] o.apache.catalina.core.StandardService   : Starting service [Tomcat]
2026-09-04T22:36:40.315+03:00  INFO 15708 --- [           main] o.apache.catalina.core.StandardEngine    : Starting Servlet engine: [Apache Tomcat/10.1.8]
2026-09-04T22:36:40.484+03:00  INFO 15708 --- [           main] o.a.c.c.C.[Tomcat].[localhost].[/]       : Initializing Spring embedded WebApplicationContext
2026-09-04T22:36:40.488+03:00  INFO 15708 --- [           main] w.s.c.ServletWebServerApplicationContext : Root WebApplicationContext: initialization completed in 5914 ms
2026-09-04T22:36:40.593+03:00  INFO 15708 --- [           main] com.zaxxer.hikari.HikariDataSource       : HikariPool-1 - Starting...
2026-09-04T22:36:41.346+03:00  INFO 15708 --- [           main] com.zaxxer.hikari.pool.HikariPool        : HikariPool-1 - Added connection conn0: url=jdbc:h2:mem:footcare user=SA
2026-09-04T22:36:41.362+03:00  INFO 15708 --- [           main] com.zaxxer.hikari.HikariDataSource       : HikariPool-1 - Start completed.
2026-09-04T22:36:41.432+03:00  INFO 15708 --- [           main] o.s.b.a.h2.H2ConsoleAutoConfiguration    : H2 console available at '/h2-console'. Database available at 'jdbc:h2:mem:footcare'
2026-09-04T22:36:42.163+03:00  INFO 15708 --- [           main] o.hibernate.jpa.internal.util.LogHelper  : HHH000204: Processing PersistenceUnitInfo [name: default]
2026-09-04T22:36:42.744+03:00  INFO 15708 --- [           main] org.hibernate.Version                    : HHH000412: Hibernate ORM core version 6.2.2.Final
2026-09-04T22:36:42.754+03:00  INFO 15708 --- [           main] org.hibernate.cfg.Environment            : HHH000406: Using bytecode reflection optimizer
2026-09-04T22:36:43.627+03:00  INFO 15708 --- [           main] o.h.b.i.BytecodeProviderInitiator        : HHH000021: Bytecode provider name : bytebuddy
2026-09-04T22:36:44.453+03:00  INFO 15708 --- [           main] o.s.o.j.p.SpringPersistenceUnitInfo      : No LoadTimeWeaver setup: ignoring JPA class transformer
2026-09-04T22:36:45.086+03:00  INFO 15708 --- [           main] org.hibernate.orm.dialect                : HHH035001: Using dialect: org.hibernate.dialect.H2Dialect, version: 2.1.214
2026-09-04T22:36:45.895+03:00  INFO 15708 --- [           main] o.h.b.i.BytecodeProviderInitiator        : HHH000021: Bytecode provider name : bytebuddy
2026-09-04T22:36:47.706+03:00  INFO 15708 --- [           main] o.h.e.t.j.p.i.JtaPlatformInitiator       : HHH000490: Using JtaPlatform implementation: [org.hibernate.engine.transaction.jta.platform.internal.NoJtaPlatform]
Hibernate: create table appointment (id bigint generated by default as identity, appointment_at timestamp(6), email varchar(255), location varchar(255), name varchar(255), notes text, phone varchar(255), status varchar(255), service_id bigint, primary key (id))
Hibernate: create table contact_message (id bigint generated by default as identity, email varchar(255), message text, name varchar(255), phone varchar(255), primary key (id))
Hibernate: create table service_entity (id bigint generated by default as identity, description varchar(255), image_url varchar(255), title varchar(255), primary key (id))
Hibernate: create table users (id bigint generated by default as identity, email varchar(255), name varchar(255), password varchar(255), role varchar(255), primary key (id))
Hibernate: alter table if exists users drop constraint if exists UK_6dotkott2kjsp8vw4d0m25fb7
Hibernate: alter table if exists users add constraint UK_6dotkott2kjsp8vw4d0m25fb7 unique (email)
Hibernate: alter table if exists appointment add constraint FK5tjupy8tsptpusnwkolraen9o foreign key (service_id) references service_entity
2026-09-04T22:36:52.627+03:00  INFO 15708 --- [           main] j.LocalContainerEntityManagerFactoryBean : Initialized JPA EntityManagerFactory for persistence unit 'default'
2026-09-04T22:36:54.366+03:00  WARN 15708 --- [           main] JpaBaseConfiguration$JpaWebConfiguration : spring.jpa.open-in-view is enabled by default. Therefore, database queries may be performed during view rendering. Explicitly configure spring.jpa.open-in-view to disable this warning
2026-09-04T22:36:55.836+03:00  INFO 15708 --- [           main] o.s.s.web.DefaultSecurityFilterChain     : Will secure any request with [org.springframework.security.web.session.DisableEncodeUrlFilter@532e27ab, org.springframework.security.web.context.request.async.WebAsyncManagerIntegrationFilter@1cdc1bbc, org.springframework.security.web.context.SecurityContextHolderFilter@58a2b917, org.springframework.security.web.header.HeaderWriterFilter@791c12e3, org.springframework.security.web.authentication.logout.LogoutFilter@2538bc06, org.springframework.security.web.savedrequest.RequestCacheAwareFilter@12bbfc54, org.springframework.security.web.servletapi.SecurityContextHolderAwareRequestFilter@59b65dce, org.springframework.security.web.authentication.AnonymousAuthenticationFilter@5f95f1e1, org.springframework.security.web.session.SessionManagementFilter@67cefd84, org.springframework.security.web.access.ExceptionTranslationFilter@5854a18, org.springframework.security.web.access.intercept.AuthorizationFilter@5922d3e9]
2026-09-04T22:36:56.998+03:00  INFO 15708 --- [           main] o.s.b.w.embedded.tomcat.TomcatWebServer  : Tomcat started on port(s): 8080 (http) with context path ''
2026-09-04T22:36:57.073+03:00  INFO 15708 --- [           main] c.example.footcare.FootcareApplication   : Started FootcareApplication in 24.206 seconds (process running for 26.531)
